#0 building with "default" instance using docker driver

#1 [internal] load build definition from Dockerfile
#1 transferring dockerfile: 3.69kB 0.0s done
#1 DONE 0.1s

#2 [internal] load metadata for docker.io/library/ubuntu:20.04
#2 DONE 2.0s

#3 [internal] load .dockerignore
#3 transferring context: 2B done
#3 DONE 0.0s

#4 [ 1/16] FROM docker.io/library/ubuntu:20.04@sha256:8feb4d8ca5354def3d8fce243717141ce31e2c428701f6682bd2fafe15388214
#4 DONE 0.0s

#5 [internal] load build context
#5 transferring context: 569.60kB 0.7s done
#5 DONE 0.7s

#6 [ 6/16] RUN bash -lc "gem install bundler -v 2.3.26"
#6 CACHED

#7 [10/16] RUN gem uninstall bundler -a -x || true  && gem install bundler -v 1.17.3 --no-document
#7 CACHED

#8 [ 2/16] WORKDIR /opt/standards
#8 CACHED

#9 [ 3/16] RUN apt-get update && apt-get install -y     build-essential     git     curl     wget     unzip     autoconf     bison     libtool     pkg-config     libssl-dev     libreadline-dev     zlib1g-dev     libyaml-dev     libffi-dev     libgdbm-dev     libncurses5-dev     libsqlite3-dev     libcurl4-openssl-dev     libxml2-dev     libxslt1-dev     nodejs     npm     default-jre     nginx     xz-utils     ca-certificates  && rm -rf /var/lib/apt/lists/*
#9 CACHED

#10 [ 7/16] RUN bash -lc "ruby -v && bundler -v"
#10 CACHED

#11 [ 8/16] RUN mkdir -p /root/openapi-codegen  && wget -O /root/openapi-codegen/openapi-generator-cli.jar  https://repo1.maven.org/maven2/org/openapitools/openapi-generator-cli/6.6.0/openapi-generator-cli-6.6.0.jar  && echo "9718ff7844e89462c75dcd9b20a35136f6db257bfe1b874db1e3002e99de4609  /root/openapi-codegen/openapi-generator-cli.jar" | sha256sum -c -
#11 CACHED

#12 [ 9/16] RUN gem install ffi -v 1.15.5 --no-document
#12 CACHED

#13 [ 5/16] RUN bash -lc "rbenv install 2.6.3 && rbenv global 2.6.3"
#13 CACHED

#14 [ 4/16] RUN git clone --branch v1.3.2 --depth 1 https://github.com/rbenv/rbenv.git /root/.rbenv  && git clone --branch v20260716 --depth 1 https://github.com/rbenv/ruby-build.git /root/.rbenv/plugins/ruby-build
#14 CACHED

#15 [11/16] COPY slate/Gemfile slate/Gemfile.lock ./
#15 CACHED

#16 [12/16] RUN bundle _1.17.3_ install --jobs 4 --retry 3
#16 1.593 Don't run Bundler as root. Bundler can ask for sudo if it is needed, and
#16 1.593 installing your bundle as root will break this application for all non-root
#16 1.593 users on this machine.
#16 1.805 Your Ruby version is 2.6.3, but your Gemfile specified 2.7.1
#16 ERROR: process "/bin/sh -c bundle _1.17.3_ install --jobs 4 --retry 3" did not complete successfully: exit code: 18
------
 > [12/16] RUN bundle _1.17.3_ install --jobs 4 --retry 3:
1.593 Don't run Bundler as root. Bundler can ask for sudo if it is needed, and
1.593 installing your bundle as root will break this application for all non-root
1.593 users on this machine.
1.805 Your Ruby version is 2.6.3, but your Gemfile specified 2.7.1
------
Dockerfile:88
--------------------
  86 |     # Install Ruby dependencies
  87 |     # ----------------------------------------------------
  88 | >>> RUN bundle _1.17.3_ install --jobs 4 --retry 3
  89 |     
  90 |     # ----------------------------------------------------
--------------------
ERROR: failed to solve: process "/bin/sh -c bundle _1.17.3_ install --jobs 4 --retry 3" did not complete successfully: exit code: 18
